Archive member included to satisfy reference by file (symbol)

c:/program files (x86)/atmel/studio/7.0/toolchain/avr8/avr8-gnu-toolchain/bin/../lib/gcc/avr/5.4.0/avr5\libgcc.a(_divmodhi4.o)
                              main.o (__divmodhi4)
c:/program files (x86)/atmel/studio/7.0/toolchain/avr8/avr8-gnu-toolchain/bin/../lib/gcc/avr/5.4.0/avr5\libgcc.a(_udivmodsi4.o)
                              HAL/LM35/LM35_program.o (__udivmodsi4)
c:/program files (x86)/atmel/studio/7.0/toolchain/avr8/avr8-gnu-toolchain/bin/../lib/gcc/avr/5.4.0/avr5\libgcc.a(_exit.o)
                              C:/Program Files (x86)/Atmel/Studio/7.0/Packs/atmel/ATmega_DFP/1.7.374/gcc/dev/atmega32/avr5/crtatmega32.o (exit)
c:/program files (x86)/atmel/studio/7.0/toolchain/avr8/avr8-gnu-toolchain/bin/../lib/gcc/avr/5.4.0/avr5\libgcc.a(_copy_data.o)
                              HAL/SSD/SSD_program.o (__do_copy_data)
c:/program files (x86)/atmel/studio/7.0/toolchain/avr8/avr8-gnu-toolchain/bin/../lib/gcc/avr/5.4.0/avr5\libgcc.a(_clear_bss.o)
                              HAL/ACTUATORS/ACTUATORS_program.o (__do_clear_bss)
c:/program files (x86)/atmel/studio/7.0/toolchain/avr8/avr8-gnu-toolchain/bin/../lib/gcc/avr/5.4.0/avr5\libgcc.a(_umulhisi3.o)
                              HAL/LM35/LM35_program.o (__umulhisi3)
c:/program files (x86)/atmel/studio/7.0/toolchain/avr8/avr8-gnu-toolchain/bin/../lib/gcc/avr/5.4.0/avr5\libgcc.a(_udivmodhi4.o)
                              c:/program files (x86)/atmel/studio/7.0/toolchain/avr8/avr8-gnu-toolchain/bin/../lib/gcc/avr/5.4.0/avr5\libgcc.a(_divmodhi4.o) (__udivmodhi4)

Discarded input sections

 .data          0x00000000        0x0 C:/Program Files (x86)/Atmel/Studio/7.0/Packs/atmel/ATmega_DFP/1.7.374/gcc/dev/atmega32/avr5/crtatmega32.o
 .bss           0x00000000        0x0 C:/Program Files (x86)/Atmel/Studio/7.0/Packs/atmel/ATmega_DFP/1.7.374/gcc/dev/atmega32/avr5/crtatmega32.o
 .text          0x00000000        0x0 HAL/ACTUATORS/ACTUATORS_program.o
 .data          0x00000000        0x0 HAL/ACTUATORS/ACTUATORS_program.o
 .bss           0x00000000        0x0 HAL/ACTUATORS/ACTUATORS_program.o
 .text.HEATER_LED_voidTurnOn
                0x00000000        0xc HAL/ACTUATORS/ACTUATORS_program.o
 .text          0x00000000        0x0 HAL/EEPROM/EEPROM_program.o
 .data          0x00000000        0x0 HAL/EEPROM/EEPROM_program.o
 .bss           0x00000000        0x0 HAL/EEPROM/EEPROM_program.o
 .text          0x00000000        0x0 HAL/LM35/LM35_program.o
 .data          0x00000000        0x0 HAL/LM35/LM35_program.o
 .bss           0x00000000        0x0 HAL/LM35/LM35_program.o
 .text          0x00000000        0x0 HAL/SSD/SSD_program.o
 .data          0x00000000        0x0 HAL/SSD/SSD_program.o
 .bss           0x00000000        0x0 HAL/SSD/SSD_program.o
 .text          0x00000000        0x0 main.o
 .data          0x00000000        0x0 main.o
 .bss           0x00000000        0x0 main.o
 .text          0x00000000        0x0 MCAL/ADC/ADC_program.o
 .data          0x00000000        0x0 MCAL/ADC/ADC_program.o
 .bss           0x00000000        0x0 MCAL/ADC/ADC_program.o
 .text          0x00000000        0x0 MCAL/DIO/DIO_program.o
 .data          0x00000000        0x0 MCAL/DIO/DIO_program.o
 .bss           0x00000000        0x0 MCAL/DIO/DIO_program.o
 .text          0x00000000        0x0 MCAL/GI/GI_program.o
 .data          0x00000000        0x0 MCAL/GI/GI_program.o
 .bss           0x00000000        0x0 MCAL/GI/GI_program.o
 .text.GI_voidDisable
                0x00000000        0x8 MCAL/GI/GI_program.o
 .text          0x00000000        0x0 MCAL/TIMER0/TIMER0_program.o
 .data          0x00000000        0x0 MCAL/TIMER0/TIMER0_program.o
 .bss           0x00000000        0x0 MCAL/TIMER0/TIMER0_program.o
 .text          0x00000000        0x0 MCAL/TWI/TWI_program.o
 .data          0x00000000        0x0 MCAL/TWI/TWI_program.o
 .bss           0x00000000        0x0 MCAL/TWI/TWI_program.o
 .text          0x00000000        0x0 c:/program files (x86)/atmel/studio/7.0/toolchain/avr8/avr8-gnu-toolchain/bin/../lib/gcc/avr/5.4.0/avr5\libgcc.a(_divmodhi4.o)
 .data          0x00000000        0x0 c:/program files (x86)/atmel/studio/7.0/toolchain/avr8/avr8-gnu-toolchain/bin/../lib/gcc/avr/5.4.0/avr5\libgcc.a(_divmodhi4.o)
 .bss           0x00000000        0x0 c:/program files (x86)/atmel/studio/7.0/toolchain/avr8/avr8-gnu-toolchain/bin/../lib/gcc/avr/5.4.0/avr5\libgcc.a(_divmodhi4.o)
 .text.libgcc.mul
                0x00000000        0x0 c:/program files (x86)/atmel/studio/7.0/toolchain/avr8/avr8-gnu-toolchain/bin/../lib/gcc/avr/5.4.0/avr5\libgcc.a(_divmodhi4.o)
 .text.libgcc   0x00000000        0x0 c:/program files (x86)/atmel/studio/7.0/toolchain/avr8/avr8-gnu-toolchain/bin/../lib/gcc/avr/5.4.0/avr5\libgcc.a(_divmodhi4.o)
 .text.libgcc.prologue
                0x00000000        0x0 c:/program files (x86)/atmel/studio/7.0/toolchain/avr8/avr8-gnu-toolchain/bin/../lib/gcc/avr/5.4.0/avr5\libgcc.a(_divmodhi4.o)
 .text.libgcc.builtins
                0x00000000        0x0 c:/program files (x86)/atmel/studio/7.0/toolchain/avr8/avr8-gnu-toolchain/bin/../lib/gcc/avr/5.4.0/avr5\libgcc.a(_divmodhi4.o)
 .text.libgcc.fmul
                0x00000000        0x0 c:/program files (x86)/atmel/studio/7.0/toolchain/avr8/avr8-gnu-toolchain/bin/../lib/gcc/avr/5.4.0/avr5\libgcc.a(_divmodhi4.o)
 .text.libgcc.fixed
                0x00000000        0x0 c:/program files (x86)/atmel/studio/7.0/toolchain/avr8/avr8-gnu-toolchain/bin/../lib/gcc/avr/5.4.0/avr5\libgcc.a(_divmodhi4.o)
 .text          0x00000000        0x0 c:/program files (x86)/atmel/studio/7.0/toolchain/avr8/avr8-gnu-toolchain/bin/../lib/gcc/avr/5.4.0/avr5\libgcc.a(_udivmodsi4.o)
 .data          0x00000000        0x0 c:/program files (x86)/atmel/studio/7.0/toolchain/avr8/avr8-gnu-toolchain/bin/../lib/gcc/avr/5.4.0/avr5\libgcc.a(_udivmodsi4.o)
 .bss           0x00000000        0x0 c:/program files (x86)/atmel/studio/7.0/toolchain/avr8/avr8-gnu-toolchain/bin/../lib/gcc/avr/5.4.0/avr5\libgcc.a(_udivmodsi4.o)
 .text.libgcc.mul
                0x00000000        0x0 c:/program files (x86)/atmel/studio/7.0/toolchain/avr8/avr8-gnu-toolchain/bin/../lib/gcc/avr/5.4.0/avr5\libgcc.a(_udivmodsi4.o)
 .text.libgcc   0x00000000        0x0 c:/program files (x86)/atmel/studio/7.0/toolchain/avr8/avr8-gnu-toolchain/bin/../lib/gcc/avr/5.4.0/avr5\libgcc.a(_udivmodsi4.o)
 .text.libgcc.prologue
                0x00000000        0x0 c:/program files (x86)/atmel/studio/7.0/toolchain/avr8/avr8-gnu-toolchain/bin/../lib/gcc/avr/5.4.0/avr5\libgcc.a(_udivmodsi4.o)
 .text.libgcc.builtins
                0x00000000        0x0 c:/program files (x86)/atmel/studio/7.0/toolchain/avr8/avr8-gnu-toolchain/bin/../lib/gcc/avr/5.4.0/avr5\libgcc.a(_udivmodsi4.o)
 .text.libgcc.fmul
                0x00000000        0x0 c:/program files (x86)/atmel/studio/7.0/toolchain/avr8/avr8-gnu-toolchain/bin/../lib/gcc/avr/5.4.0/avr5\libgcc.a(_udivmodsi4.o)
 .text.libgcc.fixed
                0x00000000        0x0 c:/program files (x86)/atmel/studio/7.0/toolchain/avr8/avr8-gnu-toolchain/bin/../lib/gcc/avr/5.4.0/avr5\libgcc.a(_udivmodsi4.o)
 .text          0x00000000        0x0 c:/program files (x86)/atmel/studio/7.0/toolchain/avr8/avr8-gnu-toolchain/bin/../lib/gcc/avr/5.4.0/avr5\libgcc.a(_exit.o)
 .data          0x00000000        0x0 c:/program files (x86)/atmel/studio/7.0/toolchain/avr8/avr8-gnu-toolchain/bin/../lib/gcc/avr/5.4.0/avr5\libgcc.a(_exit.o)
 .bss           0x00000000        0x0 c:/program files (x86)/atmel/studio/7.0/toolchain/avr8/avr8-gnu-toolchain/bin/../lib/gcc/avr/5.4.0/avr5\libgcc.a(_exit.o)
 .text.libgcc.mul
                0x00000000        0x0 c:/program files (x86)/atmel/studio/7.0/toolchain/avr8/avr8-gnu-toolchain/bin/../lib/gcc/avr/5.4.0/avr5\libgcc.a(_exit.o)
 .text.libgcc.div
                0x00000000        0x0 c:/program files (x86)/atmel/studio/7.0/toolchain/avr8/avr8-gnu-toolchain/bin/../lib/gcc/avr/5.4.0/avr5\libgcc.a(_exit.o)
 .text.libgcc   0x00000000        0x0 c:/program files (x86)/atmel/studio/7.0/toolchain/avr8/avr8-gnu-toolchain/bin/../lib/gcc/avr/5.4.0/avr5\libgcc.a(_exit.o)
 .text.libgcc.prologue
                0x00000000        0x0 c:/program files (x86)/atmel/studio/7.0/toolchain/avr8/avr8-gnu-toolchain/bin/../lib/gcc/avr/5.4.0/avr5\libgcc.a(_exit.o)
 .text.libgcc.builtins
                0x00000000        0x0 c:/program files (x86)/atmel/studio/7.0/toolchain/avr8/avr8-gnu-toolchain/bin/../lib/gcc/avr/5.4.0/avr5\libgcc.a(_exit.o)
 .text.libgcc.fmul
                0x00000000        0x0 c:/program files (x86)/atmel/studio/7.0/toolchain/avr8/avr8-gnu-toolchain/bin/../lib/gcc/avr/5.4.0/avr5\libgcc.a(_exit.o)
 .text.libgcc.fixed
                0x00000000        0x0 c:/program files (x86)/atmel/studio/7.0/toolchain/avr8/avr8-gnu-toolchain/bin/../lib/gcc/avr/5.4.0/avr5\libgcc.a(_exit.o)
 .text          0x00000000        0x0 c:/program files (x86)/atmel/studio/7.0/toolchain/avr8/avr8-gnu-toolchain/bin/../lib/gcc/avr/5.4.0/avr5\libgcc.a(_copy_data.o)
 .data          0x00000000        0x0 c:/program files (x86)/atmel/studio/7.0/toolchain/avr8/avr8-gnu-toolchain/bin/../lib/gcc/avr/5.4.0/avr5\libgcc.a(_copy_data.o)
 .bss           0x00000000        0x0 c:/program files (x86)/atmel/studio/7.0/toolchain/avr8/avr8-gnu-toolchain/bin/../lib/gcc/avr/5.4.0/avr5\libgcc.a(_copy_data.o)
 .text.libgcc.mul
                0x00000000        0x0 c:/program files (x86)/atmel/studio/7.0/toolchain/avr8/avr8-gnu-toolchain/bin/../lib/gcc/avr/5.4.0/avr5\libgcc.a(_copy_data.o)
 .text.libgcc.div
                0x00000000        0x0 c:/program files (x86)/atmel/studio/7.0/toolchain/avr8/avr8-gnu-toolchain/bin/../lib/gcc/avr/5.4.0/avr5\libgcc.a(_copy_data.o)
 .text.libgcc   0x00000000        0x0 c:/program files (x86)/atmel/studio/7.0/toolchain/avr8/avr8-gnu-toolchain/bin/../lib/gcc/avr/5.4.0/avr5\libgcc.a(_copy_data.o)
 .text.libgcc.prologue
                0x00000000        0x0 c:/program files (x86)/atmel/studio/7.0/toolchain/avr8/avr8-gnu-toolchain/bin/../lib/gcc/avr/5.4.0/avr5\libgcc.a(_copy_data.o)
 .text.libgcc.builtins
                0x00000000        0x0 c:/program files (x86)/atmel/studio/7.0/toolchain/avr8/avr8-gnu-toolchain/bin/../lib/gcc/avr/5.4.0/avr5\libgcc.a(_copy_data.o)
 .text.libgcc.fmul
                0x00000000        0x0 c:/program files (x86)/atmel/studio/7.0/toolchain/avr8/avr8-gnu-toolchain/bin/../lib/gcc/avr/5.4.0/avr5\libgcc.a(_copy_data.o)
 .text.libgcc.fixed
                0x00000000        0x0 c:/program files (x86)/atmel/studio/7.0/toolchain/avr8/avr8-gnu-toolchain/bin/../lib/gcc/avr/5.4.0/avr5\libgcc.a(_copy_data.o)
 .text          0x00000000        0x0 c:/program files (x86)/atmel/studio/7.0/toolchain/avr8/avr8-gnu-toolchain/bin/../lib/gcc/avr/5.4.0/avr5\libgcc.a(_clear_bss.o)
 .data          0x00000000        0x0 c:/program files (x86)/atmel/studio/7.0/toolchain/avr8/avr8-gnu-toolchain/bin/../lib/gcc/avr/5.4.0/avr5\libgcc.a(_clear_bss.o)
 .bss           0x00000000        0x0 c:/program files (x86)/atmel/studio/7.0/toolchain/avr8/avr8-gnu-toolchain/bin/../lib/gcc/avr/5.4.0/avr5\libgcc.a(_clear_bss.o)
 .text.libgcc.mul
                0x00000000        0x0 c:/program files (x86)/atmel/studio/7.0/toolchain/avr8/avr8-gnu-toolchain/bin/../lib/gcc/avr/5.4.0/avr5\libgcc.a(_clear_bss.o)
 .text.libgcc.div
                0x00000000        0x0 c:/program files (x86)/atmel/studio/7.0/toolchain/avr8/avr8-gnu-toolchain/bin/../lib/gcc/avr/5.4.0/avr5\libgcc.a(_clear_bss.o)
 .text.libgcc   0x00000000        0x0 c:/program files (x86)/atmel/studio/7.0/toolchain/avr8/avr8-gnu-toolchain/bin/../lib/gcc/avr/5.4.0/avr5\libgcc.a(_clear_bss.o)
 .text.libgcc.prologue
                0x00000000        0x0 c:/program files (x86)/atmel/studio/7.0/toolchain/avr8/avr8-gnu-toolchain/bin/../lib/gcc/avr/5.4.0/avr5\libgcc.a(_clear_bss.o)
 .text.libgcc.builtins
                0x00000000        0x0 c:/program files (x86)/atmel/studio/7.0/toolchain/avr8/avr8-gnu-toolchain/bin/../lib/gcc/avr/5.4.0/avr5\libgcc.a(_clear_bss.o)
 .text.libgcc.fmul
                0x00000000        0x0 c:/program files (x86)/atmel/studio/7.0/toolchain/avr8/avr8-gnu-toolchain/bin/../lib/gcc/avr/5.4.0/avr5\libgcc.a(_clear_bss.o)
 .text.libgcc.fixed
                0x00000000        0x0 c:/program files (x86)/atmel/studio/7.0/toolchain/avr8/avr8-gnu-toolchain/bin/../lib/gcc/avr/5.4.0/avr5\libgcc.a(_clear_bss.o)
 .text          0x00000000        0x0 c:/program files (x86)/atmel/studio/7.0/toolchain/avr8/avr8-gnu-toolchain/bin/../lib/gcc/avr/5.4.0/avr5\libgcc.a(_umulhisi3.o)
 .data          0x00000000        0x0 c:/program files (x86)/atmel/studio/7.0/toolchain/avr8/avr8-gnu-toolchain/bin/../lib/gcc/avr/5.4.0/avr5\libgcc.a(_umulhisi3.o)
 .bss           0x00000000        0x0 c:/program files (x86)/atmel/studio/7.0/toolchain/avr8/avr8-gnu-toolchain/bin/../lib/gcc/avr/5.4.0/avr5\libgcc.a(_umulhisi3.o)
 .text.libgcc.div
                0x00000000        0x0 c:/program files (x86)/atmel/studio/7.0/toolchain/avr8/avr8-gnu-toolchain/bin/../lib/gcc/avr/5.4.0/avr5\libgcc.a(_umulhisi3.o)
 .text.libgcc   0x00000000        0x0 c:/program files (x86)/atmel/studio/7.0/toolchain/avr8/avr8-gnu-toolchain/bin/../lib/gcc/avr/5.4.0/avr5\libgcc.a(_umulhisi3.o)
 .text.libgcc.prologue
                0x00000000        0x0 c:/program files (x86)/atmel/studio/7.0/toolchain/avr8/avr8-gnu-toolchain/bin/../lib/gcc/avr/5.4.0/avr5\libgcc.a(_umulhisi3.o)
 .text.libgcc.builtins
                0x00000000        0x0 c:/program files (x86)/atmel/studio/7.0/toolchain/avr8/avr8-gnu-toolchain/bin/../lib/gcc/avr/5.4.0/avr5\libgcc.a(_umulhisi3.o)
 .text.libgcc.fmul
                0x00000000        0x0 c:/program files (x86)/atmel/studio/7.0/toolchain/avr8/avr8-gnu-toolchain/bin/../lib/gcc/avr/5.4.0/avr5\libgcc.a(_umulhisi3.o)
 .text.libgcc.fixed
                0x00000000        0x0 c:/program files (x86)/atmel/studio/7.0/toolchain/avr8/avr8-gnu-toolchain/bin/../lib/gcc/avr/5.4.0/avr5\libgcc.a(_umulhisi3.o)
 .text          0x00000000        0x0 c:/program files (x86)/atmel/studio/7.0/toolchain/avr8/avr8-gnu-toolchain/bin/../lib/gcc/avr/5.4.0/avr5\libgcc.a(_udivmodhi4.o)
 .data          0x00000000        0x0 c:/program files (x86)/atmel/studio/7.0/toolchain/avr8/avr8-gnu-toolchain/bin/../lib/gcc/avr/5.4.0/avr5\libgcc.a(_udivmodhi4.o)
 .bss           0x00000000        0x0 c:/program files (x86)/atmel/studio/7.0/toolchain/avr8/avr8-gnu-toolchain/bin/../lib/gcc/avr/5.4.0/avr5\libgcc.a(_udivmodhi4.o)
 .text.libgcc.mul
                0x00000000        0x0 c:/program files (x86)/atmel/studio/7.0/toolchain/avr8/avr8-gnu-toolchain/bin/../lib/gcc/avr/5.4.0/avr5\libgcc.a(_udivmodhi4.o)
 .text.libgcc   0x00000000        0x0 c:/program files (x86)/atmel/studio/7.0/toolchain/avr8/avr8-gnu-toolchain/bin/../lib/gcc/avr/5.4.0/avr5\libgcc.a(_udivmodhi4.o)
 .text.libgcc.prologue
                0x00000000        0x0 c:/program files (x86)/atmel/studio/7.0/toolchain/avr8/avr8-gnu-toolchain/bin/../lib/gcc/avr/5.4.0/avr5\libgcc.a(_udivmodhi4.o)
 .text.libgcc.builtins
                0x00000000        0x0 c:/program files (x86)/atmel/studio/7.0/toolchain/avr8/avr8-gnu-toolchain/bin/../lib/gcc/avr/5.4.0/avr5\libgcc.a(_udivmodhi4.o)
 .text.libgcc.fmul
                0x00000000        0x0 c:/program files (x86)/atmel/studio/7.0/toolchain/avr8/avr8-gnu-toolchain/bin/../lib/gcc/avr/5.4.0/avr5\libgcc.a(_udivmodhi4.o)
 .text.libgcc.fixed
                0x00000000        0x0 c:/program files (x86)/atmel/studio/7.0/toolchain/avr8/avr8-gnu-toolchain/bin/../lib/gcc/avr/5.4.0/avr5\libgcc.a(_udivmodhi4.o)

Memory Configuration

Name             Origin             Length             Attributes
text             0x00000000         0x00008000         xr
data             0x00800060         0x00000800         rw !x
eeprom           0x00810000         0x00000400         rw !x
fuse             0x00820000         0x00000002         rw !x
lock             0x00830000         0x00000400         rw !x
signature        0x00840000         0x00000400         rw !x
user_signatures  0x00850000         0x00000400         rw !x
*default*        0x00000000         0xffffffff

Linker script and memory map

LOAD C:/Program Files (x86)/Atmel/Studio/7.0/Packs/atmel/ATmega_DFP/1.7.374/gcc/dev/atmega32/avr5/crtatmega32.o
LOAD HAL/ACTUATORS/ACTUATORS_program.o
LOAD HAL/EEPROM/EEPROM_program.o
LOAD HAL/LM35/LM35_program.o
LOAD HAL/SSD/SSD_program.o
LOAD main.o
LOAD MCAL/ADC/ADC_program.o
LOAD MCAL/DIO/DIO_program.o
LOAD MCAL/GI/GI_program.o
LOAD MCAL/TIMER0/TIMER0_program.o
LOAD MCAL/TWI/TWI_program.o
START GROUP
LOAD c:/program files (x86)/atmel/studio/7.0/toolchain/avr8/avr8-gnu-toolchain/bin/../lib/gcc/avr/5.4.0/../../../../avr/lib/avr5\libm.a
END GROUP
START GROUP
LOAD c:/program files (x86)/atmel/studio/7.0/toolchain/avr8/avr8-gnu-toolchain/bin/../lib/gcc/avr/5.4.0/avr5\libgcc.a
LOAD c:/program files (x86)/atmel/studio/7.0/toolchain/avr8/avr8-gnu-toolchain/bin/../lib/gcc/avr/5.4.0/../../../../avr/lib/avr5\libm.a
LOAD c:/program files (x86)/atmel/studio/7.0/toolchain/avr8/avr8-gnu-toolchain/bin/../lib/gcc/avr/5.4.0/../../../../avr/lib/avr5\libc.a
LOAD C:/Program Files (x86)/Atmel/Studio/7.0/Packs/atmel/ATmega_DFP/1.7.374/gcc/dev/atmega32/avr5\libatmega32.a
END GROUP
                0x00000000                __TEXT_REGION_ORIGIN__ = DEFINED (__TEXT_REGION_ORIGIN__)?__TEXT_REGION_ORIGIN__:0x0
                [0x00800060]                __DATA_REGION_ORIGIN__ = DEFINED (__DATA_REGION_ORIGIN__)?__DATA_REGION_ORIGIN__:0x800060
                [0x00008000]                __TEXT_REGION_LENGTH__ = DEFINED (__TEXT_REGION_LENGTH__)?__TEXT_REGION_LENGTH__:0x20000
                [0x00000800]                __DATA_REGION_LENGTH__ = DEFINED (__DATA_REGION_LENGTH__)?__DATA_REGION_LENGTH__:0xffa0
                [0x00000400]                __EEPROM_REGION_LENGTH__ = DEFINED (__EEPROM_REGION_LENGTH__)?__EEPROM_REGION_LENGTH__:0x10000
                [0x00000002]                __FUSE_REGION_LENGTH__ = DEFINED (__FUSE_REGION_LENGTH__)?__FUSE_REGION_LENGTH__:0x400
                0x00000400                __LOCK_REGION_LENGTH__ = DEFINED (__LOCK_REGION_LENGTH__)?__LOCK_REGION_LENGTH__:0x400
                0x00000400                __SIGNATURE_REGION_LENGTH__ = DEFINED (__SIGNATURE_REGION_LENGTH__)?__SIGNATURE_REGION_LENGTH__:0x400
                0x00000400                __USER_SIGNATURE_REGION_LENGTH__ = DEFINED (__USER_SIGNATURE_REGION_LENGTH__)?__USER_SIGNATURE_REGION_LENGTH__:0x400

.hash
 *(.hash)

.dynsym
 *(.dynsym)

.dynstr
 *(.dynstr)

.gnu.version
 *(.gnu.version)

.gnu.version_d
 *(.gnu.version_d)

.gnu.version_r
 *(.gnu.version_r)

.rel.init
 *(.rel.init)

.rela.init
 *(.rela.init)

.rel.text
 *(.rel.text)
 *(.rel.text.*)
 *(.rel.gnu.linkonce.t*)

.rela.text
 *(.rela.text)
 *(.rela.text.*)
 *(.rela.gnu.linkonce.t*)

.rel.fini
 *(.rel.fini)

.rela.fini
 *(.rela.fini)

.rel.rodata
 *(.rel.rodata)
 *(.rel.rodata.*)
 *(.rel.gnu.linkonce.r*)

.rela.rodata
 *(.rela.rodata)
 *(.rela.rodata.*)
 *(.rela.gnu.linkonce.r*)

.rel.data
 *(.rel.data)
 *(.rel.data.*)
 *(.rel.gnu.linkonce.d*)

.rela.data
 *(.rela.data)
 *(.rela.data.*)
 *(.rela.gnu.linkonce.d*)

.rel.ctors
 *(.rel.ctors)

.rela.ctors
 *(.rela.ctors)

.rel.dtors
 *(.rel.dtors)

.rela.dtors
 *(.rela.dtors)

.rel.got
 *(.rel.got)

.rela.got
 *(.rela.got)

.rel.bss
 *(.rel.bss)

.rela.bss
 *(.rela.bss)

.rel.plt
 *(.rel.plt)

.rela.plt
 *(.rela.plt)

.text           0x00000000      0xa42
 *(.vectors)
 .vectors       0x00000000       0x54 C:/Program Files (x86)/Atmel/Studio/7.0/Packs/atmel/ATmega_DFP/1.7.374/gcc/dev/atmega32/avr5/crtatmega32.o
                0x00000000                __vector_default
                0x00000000                __vectors
 *(.vectors)
 *(.progmem.gcc*)
                0x00000054                . = ALIGN (0x2)
                0x00000054                __trampolines_start = .
 *(.trampolines)
 .trampolines   0x00000054        0x0 linker stubs
 *(.trampolines*)
                0x00000054                __trampolines_end = .
 *libprintf_flt.a:*(.progmem.data)
 *libc.a:*(.progmem.data)
 *(.progmem*)
                0x00000054                . = ALIGN (0x2)
 *(.jumptables)
 *(.jumptables*)
 *(.lowtext)
 *(.lowtext*)
                0x00000054                __ctors_start = .
 *(.ctors)
                0x00000054                __ctors_end = .
                0x00000054                __dtors_start = .
 *(.dtors)
                0x00000054                __dtors_end = .
 SORT(*)(.ctors)
 SORT(*)(.dtors)
 *(.init0)
 .init0         0x00000054        0x0 C:/Program Files (x86)/Atmel/Studio/7.0/Packs/atmel/ATmega_DFP/1.7.374/gcc/dev/atmega32/avr5/crtatmega32.o
                0x00000054                __init
 *(.init0)
 *(.init1)
 *(.init1)
 *(.init2)
 .init2         0x00000054        0xc C:/Program Files (x86)/Atmel/Studio/7.0/Packs/atmel/ATmega_DFP/1.7.374/gcc/dev/atmega32/avr5/crtatmega32.o
 *(.init2)
 *(.init3)
 *(.init3)
 *(.init4)
 .init4         0x00000060       0x16 c:/program files (x86)/atmel/studio/7.0/toolchain/avr8/avr8-gnu-toolchain/bin/../lib/gcc/avr/5.4.0/avr5\libgcc.a(_copy_data.o)
                0x00000060                __do_copy_data
 .init4         0x00000076       0x10 c:/program files (x86)/atmel/studio/7.0/toolchain/avr8/avr8-gnu-toolchain/bin/../lib/gcc/avr/5.4.0/avr5\libgcc.a(_clear_bss.o)
                0x00000076                __do_clear_bss
 *(.init4)
 *(.init5)
 *(.init5)
 *(.init6)
 *(.init6)
 *(.init7)
 *(.init7)
 *(.init8)
 *(.init8)
 *(.init9)
 .init9         0x00000086        0x8 C:/Program Files (x86)/Atmel/Studio/7.0/Packs/atmel/ATmega_DFP/1.7.374/gcc/dev/atmega32/avr5/crtatmega32.o
 *(.init9)
 *(.text)
 .text          0x0000008e        0x4 C:/Program Files (x86)/Atmel/Studio/7.0/Packs/atmel/ATmega_DFP/1.7.374/gcc/dev/atmega32/avr5/crtatmega32.o
                0x0000008e                __vector_1
                0x0000008e                __vector_12
                0x0000008e                __bad_interrupt
                0x0000008e                __vector_6
                0x0000008e                __vector_3
                0x0000008e                __vector_11
                0x0000008e                __vector_13
                0x0000008e                __vector_17
                0x0000008e                __vector_19
                0x0000008e                __vector_7
                0x0000008e                __vector_5
                0x0000008e                __vector_4
                0x0000008e                __vector_9
                0x0000008e                __vector_2
                0x0000008e                __vector_15
                0x0000008e                __vector_8
                0x0000008e                __vector_14
                0x0000008e                __vector_16
                0x0000008e                __vector_18
                0x0000008e                __vector_20
                0x00000092                . = ALIGN (0x2)
 *(.text.*)
 .text.HEATER_voidTurnOn
                0x00000092        0xc HAL/ACTUATORS/ACTUATORS_program.o
                0x00000092                HEATER_voidTurnOn
 .text.HEATER_voidTurnOff
                0x0000009e        0xc HAL/ACTUATORS/ACTUATORS_program.o
                0x0000009e                HEATER_voidTurnOff
 .text.COOLER_voidTurnOn
                0x000000aa        0xc HAL/ACTUATORS/ACTUATORS_program.o
                0x000000aa                COOLER_voidTurnOn
 .text.COOLER_voidTurnOff
                0x000000b6        0xc HAL/ACTUATORS/ACTUATORS_program.o
                0x000000b6                COOLER_voidTurnOff
 .text.HEATER_LED_voidTurnOff
                0x000000c2        0xc HAL/ACTUATORS/ACTUATORS_program.o
                0x000000c2                HEATER_LED_voidTurnOff
 .text.ACTUATORS_voidInit
                0x000000ce       0x68 HAL/ACTUATORS/ACTUATORS_program.o
                0x000000ce                ACTUATORS_voidInit
 .text.HEATER_LED_voidToggle
                0x00000136       0x14 HAL/ACTUATORS/ACTUATORS_program.o
                0x00000136                HEATER_LED_voidToggle
 .text.BUTTON_u8GetState
                0x0000014a        0xa HAL/ACTUATORS/ACTUATORS_program.o
                0x0000014a                BUTTON_u8GetState
 .text.EEPROM_voidInit
                0x00000154        0x6 HAL/EEPROM/EEPROM_program.o
                0x00000154                EEPROM_voidInit
 .text.EEPROM_voidWriteByte
                0x0000015a       0x32 HAL/EEPROM/EEPROM_program.o
                0x0000015a                EEPROM_voidWriteByte
 .text.EEPROM_u8ReadByte
                0x0000018c       0x38 HAL/EEPROM/EEPROM_program.o
                0x0000018c                EEPROM_u8ReadByte
 .text.LM35_voidInit
                0x000001c4        0x6 HAL/LM35/LM35_program.o
                0x000001c4                LM35_voidInit
 .text.LM35_u8GetTemp
                0x000001ca       0x20 HAL/LM35/LM35_program.o
                0x000001ca                LM35_u8GetTemp
 .text.SSD_voidInit
                0x000001ea       0x1e HAL/SSD/SSD_program.o
                0x000001ea                SSD_voidInit
 .text.SSD_voidDisplayNumber
                0x00000208       0x90 HAL/SSD/SSD_program.o
                0x00000208                SSD_voidDisplayNumber
 .text.SSD_voidDisable
                0x00000298       0x1e HAL/SSD/SSD_program.o
                0x00000298                SSD_voidDisable
 .text.Timer0_ISR_Callback
                0x000002b6       0x80 main.o
                0x000002b6                Timer0_ISR_Callback
 .text.Calculate_Average_Temp
                0x00000336       0x50 main.o
                0x00000336                Calculate_Average_Temp
 .text.main     0x00000386      0x23a main.o
                0x00000386                main
 .text.ADC_voidInit
                0x000005c0       0x2c MCAL/ADC/ADC_program.o
                0x000005c0                ADC_voidInit
 .text.ADC_u16ReadChannel
                0x000005ec       0x20 MCAL/ADC/ADC_program.o
                0x000005ec                ADC_u16ReadChannel
 .text.DIO_voidSetPinDirection
                0x0000060c       0xe6 MCAL/DIO/DIO_program.o
                0x0000060c                DIO_voidSetPinDirection
 .text.DIO_voidSetPinValue
                0x000006f2       0xe6 MCAL/DIO/DIO_program.o
                0x000006f2                DIO_voidSetPinValue
 .text.DIO_u8GetPinValue
                0x000007d8       0x64 MCAL/DIO/DIO_program.o
                0x000007d8                DIO_u8GetPinValue
 .text.DIO_voidSetPortDirection
                0x0000083c       0x20 MCAL/DIO/DIO_program.o
                0x0000083c                DIO_voidSetPortDirection
 .text.DIO_voidSetPortValue
                0x0000085c       0x20 MCAL/DIO/DIO_program.o
                0x0000085c                DIO_voidSetPortValue
 .text.GI_voidEnable
                0x0000087c        0x8 MCAL/GI/GI_program.o
                0x0000087c                GI_voidEnable
 .text.TIMER0_voidInit
                0x00000884       0x2a MCAL/TIMER0/TIMER0_program.o
                0x00000884                TIMER0_voidInit
 .text.TIMER0_voidSetCallBack
                0x000008ae        0xe MCAL/TIMER0/TIMER0_program.o
                0x000008ae                TIMER0_voidSetCallBack
 .text.__vector_10
                0x000008bc       0x52 MCAL/TIMER0/TIMER0_program.o
                0x000008bc                __vector_10
 .text.TWI_voidMasterInit
                0x0000090e       0x18 MCAL/TWI/TWI_program.o
                0x0000090e                TWI_voidMasterInit
 .text.TWI_voidSendStartCondition
                0x00000926        0xc MCAL/TWI/TWI_program.o
                0x00000926                TWI_voidSendStartCondition
 .text.TWI_voidSendRepeatedStartCondition
                0x00000932        0xc MCAL/TWI/TWI_program.o
                0x00000932                TWI_voidSendRepeatedStartCondition
 .text.TWI_voidSendStopCondition
                0x0000093e        0x6 MCAL/TWI/TWI_program.o
                0x0000093e                TWI_voidSendStopCondition
 .text.TWI_voidSendSlaveAddressWithWrite
                0x00000944       0x16 MCAL/TWI/TWI_program.o
                0x00000944                TWI_voidSendSlaveAddressWithWrite
 .text.TWI_voidSendSlaveAddressWithRead
                0x0000095a       0x16 MCAL/TWI/TWI_program.o
                0x0000095a                TWI_voidSendSlaveAddressWithRead
 .text.TWI_voidMasterWriteDataByte
                0x00000970        0xe MCAL/TWI/TWI_program.o
                0x00000970                TWI_voidMasterWriteDataByte
 .text.TWI_u8MasterReadDataByteWithNack
                0x0000097e        0xe MCAL/TWI/TWI_program.o
                0x0000097e                TWI_u8MasterReadDataByteWithNack
 .text.libgcc.div
                0x0000098c       0x28 c:/program files (x86)/atmel/studio/7.0/toolchain/avr8/avr8-gnu-toolchain/bin/../lib/gcc/avr/5.4.0/avr5\libgcc.a(_divmodhi4.o)
                0x0000098c                _div
                0x0000098c                __divmodhi4
 .text.libgcc.div
                0x000009b4       0x44 c:/program files (x86)/atmel/studio/7.0/toolchain/avr8/avr8-gnu-toolchain/bin/../lib/gcc/avr/5.4.0/avr5\libgcc.a(_udivmodsi4.o)
                0x000009b4                __udivmodsi4
 .text.libgcc.mul
                0x000009f8       0x1e c:/program files (x86)/atmel/studio/7.0/toolchain/avr8/avr8-gnu-toolchain/bin/../lib/gcc/avr/5.4.0/avr5\libgcc.a(_umulhisi3.o)
                0x000009f8                __umulhisi3
 .text.libgcc.div
                0x00000a16       0x28 c:/program files (x86)/atmel/studio/7.0/toolchain/avr8/avr8-gnu-toolchain/bin/../lib/gcc/avr/5.4.0/avr5\libgcc.a(_udivmodhi4.o)
                0x00000a16                __udivmodhi4
                0x00000a3e                . = ALIGN (0x2)
 *(.fini9)
 .fini9         0x00000a3e        0x0 c:/program files (x86)/atmel/studio/7.0/toolchain/avr8/avr8-gnu-toolchain/bin/../lib/gcc/avr/5.4.0/avr5\libgcc.a(_exit.o)
                0x00000a3e                _exit
                0x00000a3e                exit
 *(.fini9)
 *(.fini8)
 *(.fini8)
 *(.fini7)
 *(.fini7)
 *(.fini6)
 *(.fini6)
 *(.fini5)
 *(.fini5)
 *(.fini4)
 *(.fini4)
 *(.fini3)
 *(.fini3)
 *(.fini2)
 *(.fini2)
 *(.fini1)
 *(.fini1)
 *(.fini0)
 .fini0         0x00000a3e        0x4 c:/program files (x86)/atmel/studio/7.0/toolchain/avr8/avr8-gnu-toolchain/bin/../lib/gcc/avr/5.4.0/avr5\libgcc.a(_exit.o)
 *(.fini0)
                0x00000a42                _etext = .

.data           0x00800060        0xc load address 0x00000a42
                0x00800060                PROVIDE (__data_start, .)
 *(.data)
 *(.data*)
 .data.TargetTemp
                0x00800060        0x1 main.o
                0x00800060                TargetTemp
 *(.gnu.linkonce.d*)
 *(.rodata)
 *(.rodata*)
 .rodata.SSD_u8Numbers
                0x00800061        0xa HAL/SSD/SSD_program.o
 *(.gnu.linkonce.r*)
                0x0080006c                . = ALIGN (0x2)
 *fill*         0x0080006b        0x1 
                0x0080006c                _edata = .
                0x0080006c                PROVIDE (__data_end, .)

.bss            0x0080006c       0x17
                0x0080006c                PROVIDE (__bss_start, .)
 *(.bss)
 *(.bss*)
 .bss.state.1633
                0x0080006c        0x1 HAL/ACTUATORS/ACTUATORS_program.o
 .bss.OneSecCounter.1853
                0x0080006d        0x2 main.o
 .bss.TempCounter.1852
                0x0080006f        0x1 main.o
 .bss.AverageTemp
                0x00800070        0x1 main.o
                0x00800070                AverageTemp
 .bss.ReadingIndex
                0x00800071        0x1 main.o
                0x00800071                ReadingIndex
 .bss.TempReadings
                0x00800072        0xa main.o
                0x00800072                TempReadings
 .bss.ActualTemp
                0x0080007c        0x1 main.o
                0x0080007c                ActualTemp
 .bss.SettingTimeoutCounter
                0x0080007d        0x1 main.o
                0x0080007d                SettingTimeoutCounter
 .bss.SetTempBlinkFlag
                0x0080007e        0x1 main.o
                0x0080007e                SetTempBlinkFlag
 .bss.TempReadFlag
                0x0080007f        0x1 main.o
                0x0080007f                TempReadFlag
 .bss.CurrentState
                0x00800080        0x1 main.o
                0x00800080                CurrentState
 .bss.TIMER0_pvCallBackFunc
                0x00800081        0x2 MCAL/TIMER0/TIMER0_program.o
 *(COMMON)
                0x00800083                PROVIDE (__bss_end, .)
                0x00000a42                __data_load_start = LOADADDR (.data)
                0x00000a4e                __data_load_end = (__data_load_start + SIZEOF (.data))

.noinit         0x00800083        0x0
                [!provide]                PROVIDE (__noinit_start, .)
 *(.noinit*)
                [!provide]                PROVIDE (__noinit_end, .)
                0x00800083                _end = .
                [!provide]                PROVIDE (__heap_start, .)

.eeprom         0x00810000        0x0
 *(.eeprom*)
                0x00810000                __eeprom_end = .

.fuse
 *(.fuse)
 *(.lfuse)
 *(.hfuse)
 *(.efuse)

.lock
 *(.lock*)

.signature
 *(.signature*)

.user_signatures
 *(.user_signatures*)

.stab
 *(.stab)

.stabstr
 *(.stabstr)

.stab.excl
 *(.stab.excl)

.stab.exclstr
 *(.stab.exclstr)

.stab.index
 *(.stab.index)

.stab.indexstr
 *(.stab.indexstr)

.comment        0x00000000       0x30
 *(.comment)
 .comment       0x00000000       0x30 HAL/ACTUATORS/ACTUATORS_program.o
                                 0x31 (size before relaxing)
 .comment       0x00000030       0x31 HAL/EEPROM/EEPROM_program.o
 .comment       0x00000030       0x31 HAL/LM35/LM35_program.o
 .comment       0x00000030       0x31 HAL/SSD/SSD_program.o
 .comment       0x00000030       0x31 main.o
 .comment       0x00000030       0x31 MCAL/ADC/ADC_program.o
 .comment       0x00000030       0x31 MCAL/DIO/DIO_program.o
 .comment       0x00000030       0x31 MCAL/GI/GI_program.o
 .comment       0x00000030       0x31 MCAL/TIMER0/TIMER0_program.o
 .comment       0x00000030       0x31 MCAL/TWI/TWI_program.o

.note.gnu.avr.deviceinfo
                0x00000000       0x3c
 .note.gnu.avr.deviceinfo
                0x00000000       0x3c C:/Program Files (x86)/Atmel/Studio/7.0/Packs/atmel/ATmega_DFP/1.7.374/gcc/dev/atmega32/avr5/crtatmega32.o

.note.gnu.build-id
 *(.note.gnu.build-id)

.debug
 *(.debug)

.line
 *(.line)

.debug_srcinfo
 *(.debug_srcinfo)

.debug_sfnames
 *(.debug_sfnames)

.debug_aranges  0x00000000      0x230
 *(.debug_aranges)
 .debug_aranges
                0x00000000       0x60 HAL/ACTUATORS/ACTUATORS_program.o
 .debug_aranges
                0x00000060       0x30 HAL/EEPROM/EEPROM_program.o
 .debug_aranges
                0x00000090       0x28 HAL/LM35/LM35_program.o
 .debug_aranges
                0x000000b8       0x30 HAL/SSD/SSD_program.o
 .debug_aranges
                0x000000e8       0x30 main.o
 .debug_aranges
                0x00000118       0x28 MCAL/ADC/ADC_program.o
 .debug_aranges
                0x00000140       0x40 MCAL/DIO/DIO_program.o
 .debug_aranges
                0x00000180       0x28 MCAL/GI/GI_program.o
 .debug_aranges
                0x000001a8       0x30 MCAL/TIMER0/TIMER0_program.o
 .debug_aranges
                0x000001d8       0x58 MCAL/TWI/TWI_program.o

.debug_pubnames
 *(.debug_pubnames)

.debug_info     0x00000000     0x1ad6
 *(.debug_info .gnu.linkonce.wi.*)
 .debug_info    0x00000000      0x4e6 C:/Program Files (x86)/Atmel/Studio/7.0/Packs/atmel/ATmega_DFP/1.7.374/gcc/dev/atmega32/avr5/crtatmega32.o
 .debug_info    0x000004e6      0x38a HAL/ACTUATORS/ACTUATORS_program.o
 .debug_info    0x00000870      0x245 HAL/EEPROM/EEPROM_program.o
 .debug_info    0x00000ab5      0x10c HAL/LM35/LM35_program.o
 .debug_info    0x00000bc1      0x350 HAL/SSD/SSD_program.o
 .debug_info    0x00000f11      0x698 main.o
 .debug_info    0x000015a9       0xb7 MCAL/ADC/ADC_program.o
 .debug_info    0x00001660      0x1a4 MCAL/DIO/DIO_program.o
 .debug_info    0x00001804       0x98 MCAL/GI/GI_program.o
 .debug_info    0x0000189c       0xde MCAL/TIMER0/TIMER0_program.o
 .debug_info    0x0000197a      0x15c MCAL/TWI/TWI_program.o

.debug_abbrev   0x00000000      0xc9e
 *(.debug_abbrev)
 .debug_abbrev  0x00000000      0x4a3 C:/Program Files (x86)/Atmel/Studio/7.0/Packs/atmel/ATmega_DFP/1.7.374/gcc/dev/atmega32/avr5/crtatmega32.o
 .debug_abbrev  0x000004a3       0xc3 HAL/ACTUATORS/ACTUATORS_program.o
 .debug_abbrev  0x00000566       0xd2 HAL/EEPROM/EEPROM_program.o
 .debug_abbrev  0x00000638       0xa7 HAL/LM35/LM35_program.o
 .debug_abbrev  0x000006df      0x15e HAL/SSD/SSD_program.o
 .debug_abbrev  0x0000083d      0x1d4 main.o
 .debug_abbrev  0x00000a11       0x6f MCAL/ADC/ADC_program.o
 .debug_abbrev  0x00000a80       0xa9 MCAL/DIO/DIO_program.o
 .debug_abbrev  0x00000b29       0x46 MCAL/GI/GI_program.o
 .debug_abbrev  0x00000b6f       0xa6 MCAL/TIMER0/TIMER0_program.o
 .debug_abbrev  0x00000c15       0x89 MCAL/TWI/TWI_program.o

.debug_line     0x00000000     0x1167
 *(.debug_line .debug_line.* .debug_line_end)
 .debug_line    0x00000000      0x116 C:/Program Files (x86)/Atmel/Studio/7.0/Packs/atmel/ATmega_DFP/1.7.374/gcc/dev/atmega32/avr5/crtatmega32.o
 .debug_line    0x00000116      0x1b4 HAL/ACTUATORS/ACTUATORS_program.o
 .debug_line    0x000002ca      0x128 HAL/EEPROM/EEPROM_program.o
 .debug_line    0x000003f2       0xca HAL/LM35/LM35_program.o
 .debug_line    0x000004bc      0x1ff HAL/SSD/SSD_program.o
 .debug_line    0x000006bb      0x51d main.o
 .debug_line    0x00000bd8       0xcf MCAL/ADC/ADC_program.o
 .debug_line    0x00000ca7      0x1b7 MCAL/DIO/DIO_program.o
 .debug_line    0x00000e5e       0x86 MCAL/GI/GI_program.o
 .debug_line    0x00000ee4       0xde MCAL/TIMER0/TIMER0_program.o
 .debug_line    0x00000fc2      0x1a5 MCAL/TWI/TWI_program.o

.debug_frame    0x00000000      0x3b8
 *(.debug_frame)
 .debug_frame   0x00000000       0xa4 HAL/ACTUATORS/ACTUATORS_program.o
 .debug_frame   0x000000a4       0x60 HAL/EEPROM/EEPROM_program.o
 .debug_frame   0x00000104       0x34 HAL/LM35/LM35_program.o
 .debug_frame   0x00000138       0x50 HAL/SSD/SSD_program.o
 .debug_frame   0x00000188       0x44 main.o
 .debug_frame   0x000001cc       0x34 MCAL/ADC/ADC_program.o
 .debug_frame   0x00000200       0x64 MCAL/DIO/DIO_program.o
 .debug_frame   0x00000264       0x34 MCAL/GI/GI_program.o
 .debug_frame   0x00000298       0x8c MCAL/TIMER0/TIMER0_program.o
 .debug_frame   0x00000324       0x94 MCAL/TWI/TWI_program.o

.debug_str      0x00000000      0xa14
 *(.debug_str)
 .debug_str     0x00000000      0x196 C:/Program Files (x86)/Atmel/Studio/7.0/Packs/atmel/ATmega_DFP/1.7.374/gcc/dev/atmega32/avr5/crtatmega32.o
 .debug_str     0x00000196      0x27d HAL/ACTUATORS/ACTUATORS_program.o
                                0x2a4 (size before relaxing)
 .debug_str     0x00000413      0x183 HAL/EEPROM/EEPROM_program.o
                                0x2fb (size before relaxing)
 .debug_str     0x00000596       0x7b HAL/LM35/LM35_program.o
                                0x1f3 (size before relaxing)
 .debug_str     0x00000611      0x123 HAL/SSD/SSD_program.o
                                0x2d4 (size before relaxing)
 .debug_str     0x00000734      0x19e main.o
                                0x4c5 (size before relaxing)
 .debug_str     0x000008d2       0x29 MCAL/ADC/ADC_program.o
                                0x1c1 (size before relaxing)
 .debug_str     0x000008fb       0x5e MCAL/DIO/DIO_program.o
                                0x242 (size before relaxing)
 .debug_str     0x00000959       0x27 MCAL/GI/GI_program.o
                                0x1ad (size before relaxing)
 .debug_str     0x00000980       0x56 MCAL/TIMER0/TIMER0_program.o
                                0x1f5 (size before relaxing)
 .debug_str     0x000009d6       0x3e MCAL/TWI/TWI_program.o
                                0x2a1 (size before relaxing)

.debug_loc      0x00000000      0x92b
 *(.debug_loc)
 .debug_loc     0x00000000       0x2c HAL/ACTUATORS/ACTUATORS_program.o
 .debug_loc     0x0000002c      0x13e HAL/EEPROM/EEPROM_program.o
 .debug_loc     0x0000016a       0x46 HAL/LM35/LM35_program.o
 .debug_loc     0x000001b0       0xff HAL/SSD/SSD_program.o
 .debug_loc     0x000002af      0x268 main.o
 .debug_loc     0x00000517       0x21 MCAL/ADC/ADC_program.o
 .debug_loc     0x00000538      0x2b9 MCAL/DIO/DIO_program.o
 .debug_loc     0x000007f1       0xcb MCAL/TIMER0/TIMER0_program.o
 .debug_loc     0x000008bc       0x6f MCAL/TWI/TWI_program.o

.debug_macinfo
 *(.debug_macinfo)

.debug_weaknames
 *(.debug_weaknames)

.debug_funcnames
 *(.debug_funcnames)

.debug_typenames
 *(.debug_typenames)

.debug_varnames
 *(.debug_varnames)

.debug_pubtypes
 *(.debug_pubtypes)

.debug_ranges   0x00000000      0x1a8
 *(.debug_ranges)
 .debug_ranges  0x00000000       0x50 HAL/ACTUATORS/ACTUATORS_program.o
 .debug_ranges  0x00000050       0x20 HAL/EEPROM/EEPROM_program.o
 .debug_ranges  0x00000070       0x18 HAL/LM35/LM35_program.o
 .debug_ranges  0x00000088       0x20 HAL/SSD/SSD_program.o
 .debug_ranges  0x000000a8       0x38 main.o
 .debug_ranges  0x000000e0       0x18 MCAL/ADC/ADC_program.o
 .debug_ranges  0x000000f8       0x30 MCAL/DIO/DIO_program.o
 .debug_ranges  0x00000128       0x18 MCAL/GI/GI_program.o
 .debug_ranges  0x00000140       0x20 MCAL/TIMER0/TIMER0_program.o
 .debug_ranges  0x00000160       0x48 MCAL/TWI/TWI_program.o

.debug_macro
 *(.debug_macro)
OUTPUT(ELECTRICAL HEATER.elf elf32-avr)
LOAD linker stubs
